../Core/Src/stm32f4xx_hal_msp.c:63:6:HAL_MspInit	16	static
../Core/Src/stm32f4xx_hal_msp.c:87:6:HAL_DMA2D_MspInit	24	static
../Core/Src/stm32f4xx_hal_msp.c:109:6:HAL_DMA2D_MspDeInit	16	static
../Core/Src/stm32f4xx_hal_msp.c:131:6:HAL_I2C_MspInit	48	static
../Core/Src/stm32f4xx_hal_msp.c:175:6:HAL_I2C_MspDeInit	16	static
../Core/Src/stm32f4xx_hal_msp.c:206:6:HAL_LTDC_MspInit	112	static
../Core/Src/stm32f4xx_hal_msp.c:330:6:HAL_LTDC_MspDeInit	16	static
../Core/Src/stm32f4xx_hal_msp.c:392:6:HAL_SPI_MspInit	48	static
../Core/Src/stm32f4xx_hal_msp.c:429:6:HAL_SPI_MspDeInit	16	static
../Core/Src/stm32f4xx_hal_msp.c:459:6:HAL_UART_MspInit	48	static
../Core/Src/stm32f4xx_hal_msp.c:498:6:HAL_UART_MspDeInit	16	static
../Core/Src/stm32f4xx_hal_msp.c:525:13:HAL_FMC_MspInit	32	static
../Core/Src/stm32f4xx_hal_msp.c:631:6:HAL_SDRAM_MspInit	16	static
../Core/Src/stm32f4xx_hal_msp.c:643:13:HAL_FMC_MspDeInit	8	static
../Core/Src/stm32f4xx_hal_msp.c:717:6:HAL_SDRAM_MspDeInit	16	static
